
Epoch    Trajectory    Model    Hbonds
    0             2        1    A:ASN142:ND2,A:HIS163:NE2,A:GLU166:N,A:PHE140:O
    0             2        2    A:ASN142:ND2,A:HIS163:NE2,A:GLU166:N,A:HIS41:ND1,A:PHE140:O
    0             2        3    A:ASN142:ND2,A:HIS163:NE2,A:GLU166:N,A:PHE140:O
