
Epoch    Trajectory    Model    Hbonds
    0             2        1    A:ASN142:ND2,A:HIS163:NE2,A:GLU166:N,A:PHE140:O
    0             2        2    A:ASN142:ND2,A:HIS163:NE2,A:GLU166:N,A:HIS41:ND1,A:PHE140:O
    0             2        3    A:ASN142:ND2,A:HIS163:NE2,A:GLU166:N,A:PHE140:O
    0             2        4    A:ASN142:ND2,A:GLN189:NE2,A:PHE140:O
    0             2        5    A:ASN142:ND2,A:GLU166:N,A:GLN189:NE2,A:PHE140:O
    0             2        6    A:ASN142:ND2,A:HIS163:NE2,A:GLU166:N,A:PHE140:O
    0             2        7    A:ASN142:ND2,A:HIS163:NE2,A:GLU166:N,A:PHE140:O
    0             2        8    A:ASN142:ND2,A:HIS163:NE2,A:GLU166:N,A:PHE140:O,A:GLU166:OE1
    0             2        9    A:ASN142:ND2,A:PHE140:O
    0             2       10    A:ASN142:ND2,A:HIS163:NE2,A:GLU166:N,A:PHE140:O
    0             2       11    A:ASN142:ND2,A:GLN189:NE2,A:PHE140:O
    0             2       12    A:HIS163:NE2,A:GLU166:N,A:GLN189:NE2,A:PHE140:O
    0             2       13    A:ASN142:N,A:HIS163:NE2,A:GLU166:N,B:SER1:N,B:SER1:N,B:SER1:OG,B:GLY302:O,A:PHE140:O
    0             2       14    A:ASN142:N,A:HIS163:NE2,A:GLU166:N,B:SER1:N,B:SER1:N,B:SER1:OG,B:GLY302:O,A:PHE140:O
    0             2       15    A:ASN142:N,A:HIS163:NE2,A:HIS163:NE2,A:GLU166:N,B:SER1:N,B:SER1:OG,B:GLY302:O,A:PHE140:O,A:SER144:OG
    0             2       16    A:ASN142:N,A:HIS163:NE2,A:GLU166:N,B:SER1:N,B:SER1:OG,A:PHE140:O
    0             2       17    A:ASN142:N,A:GLU166:N,B:SER1:N,A:HIS41:NE2,B:SER1:OG,B:GLY302:O,A:PHE140:O
    0             2       18    A:ASN142:N,A:HIS163:NE2,A:GLU166:N,B:SER1:N,B:SER1:OG,B:GLY302:O,A:GLU166:OE1
    0             2       19    A:ASN142:N,A:GLU166:N,B:SER1:N,B:SER1:OG,B:GLY302:O,A:PHE140:O
    0             2       20    A:ASN142:N,A:HIS163:NE2,A:GLU166:N,B:SER1:N,B:SER1:OG,B:GLY302:O,B:SER1:N
    0             2       21    A:ASN142:N,A:GLU166:N,B:SER1:N,B:SER1:OG,B:GLY302:O
    0             2       22    A:ASN142:N,A:GLU166:N,B:SER1:N,B:SER1:OG,B:GLY302:O
    0             2       23    A:ASN142:N,A:GLU166:N,B:SER1:N,B:SER1:OG,B:GLY302:O
    0             2       24    A:HIS163:NE2,A:GLU166:N,A:GLN189:NE2,A:PHE140:O
    0             2       25    A:GLU166:N,A:GLN189:NE2,A:PHE140:O,A:GLU166:OE1
    0             1        1    A:HIS163:NE2,B:SER1:N,A:ASN142:OD1,A:SER144:OG
    0             1        2    A:ASN142:N,A:HIS163:NE2,B:SER1:N,B:SER1:N,A:SER144:OG
    0             1        3    A:ASN142:N,A:HIS163:NE2,B:SER1:N,B:SER1:N,A:SER144:OG
    0             1        4    A:ASN142:N,B:SER1:N
    0             1        5    A:GLU166:N,B:SER1:N
    0             1        6    A:ASN142:N,A:HIS163:NE2,A:GLU166:N,A:GLN189:NE2,B:SER1:N,B:SER1:OG,A:HIS164:O
    0             1        7    A:ASN142:N,A:HIS163:NE2,A:GLU166:N,A:GLN189:NE2,B:SER1:N,B:SER1:OG,A:HIS164:O
    0             1        8    A:ASN142:N,A:HIS163:NE2,A:GLU166:N,B:SER1:N,B:SER1:OG,B:GLY302:O,A:PHE140:O
    0             1        9    A:ASN142:N,A:HIS163:NE2,B:SER1:N,B:SER1:OG,B:GLY302:O,A:PHE140:O
    0             1       10    A:ASN142:N,A:HIS163:NE2,B:SER1:N,B:SER1:OG,B:GLY302:O,A:PHE140:O
    0             1       11    A:ASN142:N,A:HIS163:NE2,B:SER1:N,B:SER1:OG,B:GLY302:O,A:PHE140:O
    0             1       12    A:ASN142:N,A:HIS163:NE2,B:SER1:N,A:ASN142:OD1,B:SER1:OG,B:GLY302:O,A:PHE140:O
    0             1       13    A:ASN142:N,A:GLU166:N,B:SER1:N,B:SER1:OG,B:GLY302:O,A:PHE140:O
    0             1       14    A:ASN142:N,A:GLU166:N,B:SER1:N,A:ASN142:OD1,B:SER1:OG,B:GLY302:O,A:PHE140:O
    0             1       15    A:ASN142:N,A:GLU166:N,B:SER1:N,A:ASN142:OD1,B:SER1:OG,B:GLY302:O,A:PHE140:O
    0             1       16    A:ASN142:N,B:SER1:N,B:SER1:OG,B:GLY302:O,A:PHE140:O
    0             1       17    A:ASN142:N,A:GLU166:N,B:SER1:N,B:SER1:OG,B:GLY302:O,A:PHE140:O
